[0m13:55:36.464341 [debug] [MainThread]: Sending event: {'category': 'dbt', 'action': 'invocation', 'label': 'start', 'context': [<snowplow_tracker.self_describing_json.SelfDescribingJson object at 0x71fe6eb2b230>, <snowplow_tracker.self_describing_json.SelfDescribingJson object at 0x71fe6e4c7f80>, <snowplow_tracker.self_describing_json.SelfDescribingJson object at 0x71fe6e095460>]}


============================== 13:55:36.467354 | ce42c77d-56ee-4f1d-878c-9addb3fd3e87 ==============================
[0m13:55:36.467354 [info ] [MainThread]: Running with dbt=1.11.11
[0m13:55:36.467939 [debug] [MainThread]: running dbt with arguments {'no_print': 'None', 'profiles_dir': '/home/mathieu/.dbt', 'quiet': 'False', 'log_format': 'default', 'partial_parse': 'True', 'printer_width': '80', 'log_cache_events': 'False', 'static_parser': 'True', 'use_experimental_parser': 'False', 'write_json': 'True', 'log_path': 'logs', 'use_colors': 'True', 'invocation_command': 'dbt init nyc_taxi_dbt', 'fail_fast': 'False', 'indirect_selection': 'eager', 'cache_selected_only': 'False', 'debug': 'False', 'version_check': 'True', 'warn_error_options': 'WarnErrorOptionsV2(error=[], warn=[], silence=[])', 'warn_error': 'None', 'introspect': 'True', 'send_anonymous_usage_stats': 'True', 'target_path': 'None', 'empty': 'None'}
[0m13:55:36.475941 [info ] [MainThread]: Creating dbt configuration folder at /home/mathieu/.dbt
[0m13:55:36.477450 [debug] [MainThread]: Starter project path: /home/mathieu/prj/brief-nyc-tlc-wicket-blasters/venv/lib/python3.12/site-packages/dbt/include/starter_project
[0m13:55:36.481358 [info ] [MainThread]: 
Your new dbt project "nyc_taxi_dbt" was created!

For more information on how to configure the profiles.yml file,
please consult the dbt documentation here:

  https://docs.getdbt.com/docs/configure-your-profile

One more thing:

Need help? Don't hesitate to reach out to us via GitHub issues or on Slack:

  https://community.getdbt.com/

Happy modeling!

[0m13:55:36.482281 [info ] [MainThread]: Setting up your profile.
[0m13:55:56.494788 [debug] [MainThread]: Snowflake adapter: Setting snowflake.connector to ERROR (file logging only)
[0m13:55:56.495765 [debug] [MainThread]: Snowflake adapter: Setting botocore to ERROR (file logging only)
[0m13:55:56.496346 [debug] [MainThread]: Snowflake adapter: Setting boto3 to ERROR (file logging only)
[0m14:02:20.774394 [info ] [MainThread]: Profile nyc_taxi_dbt written to /home/mathieu/.dbt/profiles.yml using target's profile_template.yml and your supplied values. Run 'dbt debug' to validate the connection.
[0m14:02:20.778737 [debug] [MainThread]: Resource report: {"command_name": "init", "command_success": true, "command_wall_clock_time": 404.36877, "process_in_blocks": "112", "process_kernel_time": 0.225489, "process_mem_max_rss": "128996", "process_out_blocks": "88", "process_user_time": 1.593327}
[0m14:02:20.780033 [debug] [MainThread]: Command `dbt init` succeeded at 14:02:20.779853 after 404.37 seconds
[0m14:02:20.780671 [debug] [MainThread]: Sending event: {'category': 'dbt', 'action': 'invocation', 'label': 'end', 'context': [<snowplow_tracker.self_describing_json.SelfDescribingJson object at 0x71fe6dcccef0>, <snowplow_tracker.self_describing_json.SelfDescribingJson object at 0x71fe6c370e00>, <snowplow_tracker.self_describing_json.SelfDescribingJson object at 0x71fe6c809a00>]}
[0m14:02:20.781296 [debug] [MainThread]: Flushing usage events
[0m14:02:21.436887 [debug] [MainThread]: An error was encountered while trying to flush usage events
[0m14:02:39.466354 [debug] [MainThread]: Sending event: {'category': 'dbt', 'action': 'invocation', 'label': 'start', 'context': [<snowplow_tracker.self_describing_json.SelfDescribingJson object at 0x76e79c0cfe60>, <snowplow_tracker.self_describing_json.SelfDescribingJson object at 0x76e79baf6210>, <snowplow_tracker.self_describing_json.SelfDescribingJson object at 0x76e79f09a2a0>]}


============================== 14:02:39.469809 | d394dbe5-87da-4854-a764-f6c86c67878e ==============================
[0m14:02:39.469809 [info ] [MainThread]: Running with dbt=1.11.11
[0m14:02:39.471011 [debug] [MainThread]: running dbt with arguments {'fail_fast': 'False', 'log_path': 'logs', 'static_parser': 'True', 'profiles_dir': '/home/mathieu/.dbt', 'cache_selected_only': 'False', 'send_anonymous_usage_stats': 'True', 'use_colors': 'True', 'partial_parse': 'True', 'warn_error_options': 'WarnErrorOptionsV2(error=[], warn=[], silence=[])', 'use_experimental_parser': 'False', 'version_check': 'True', 'log_format': 'default', 'indirect_selection': 'eager', 'log_cache_events': 'False', 'empty': 'None', 'invocation_command': 'dbt debug', 'quiet': 'False', 'target_path': 'None', 'write_json': 'True', 'introspect': 'True', 'printer_width': '80', 'debug': 'False', 'no_print': 'None', 'warn_error': 'None'}
[0m14:02:39.480451 [info ] [MainThread]: dbt version: 1.11.11
[0m14:02:39.480987 [info ] [MainThread]: python version: 3.12.3
[0m14:02:39.481342 [info ] [MainThread]: python path: /home/mathieu/prj/brief-nyc-tlc-wicket-blasters/venv/bin/python3
[0m14:02:39.481690 [info ] [MainThread]: os info: Linux-6.17.0-14-generic-x86_64-with-glibc2.39
[0m14:02:39.695525 [debug] [MainThread]: Snowflake adapter: Setting snowflake.connector to ERROR (file logging only)
[0m14:02:39.696125 [debug] [MainThread]: Snowflake adapter: Setting botocore to ERROR (file logging only)
[0m14:02:39.696477 [debug] [MainThread]: Snowflake adapter: Setting boto3 to ERROR (file logging only)
[0m14:02:39.850016 [info ] [MainThread]: Using profiles dir at /home/mathieu/.dbt
[0m14:02:39.850565 [info ] [MainThread]: Using profiles.yml file at /home/mathieu/.dbt/profiles.yml
[0m14:02:39.850920 [info ] [MainThread]: Using dbt_project.yml file at /home/mathieu/prj/brief-nyc-tlc-wicket-blasters/dbt_project.yml
[0m14:02:39.851456 [info ] [MainThread]: adapter type: snowflake
[0m14:02:39.851809 [info ] [MainThread]: adapter version: 1.11.5
[0m14:02:39.852186 [info ] [MainThread]: Configuration:
[0m14:02:39.852587 [info ] [MainThread]:   profiles.yml file [[32mOK found and valid[0m]
[0m14:02:39.852942 [info ] [MainThread]:   dbt_project.yml file [[31mERROR not found[0m]
[0m14:02:39.853255 [info ] [MainThread]: Required dependencies:
[0m14:02:39.853610 [debug] [MainThread]: Executing "git --help"
[0m14:02:39.856779 [debug] [MainThread]: STDOUT: "b"usage: git [-v | --version] [-h | --help] [-C <path>] [-c <name>=<value>]\n           [--exec-path[=<path>]] [--html-path] [--man-path] [--info-path]\n           [-p | --paginate | -P | --no-pager] [--no-replace-objects] [--bare]\n           [--git-dir=<path>] [--work-tree=<path>] [--namespace=<name>]\n           [--config-env=<name>=<envvar>] <command> [<args>]\n\nThese are common Git commands used in various situations:\n\nstart a working area (see also: git help tutorial)\n   clone     Clone a repository into a new directory\n   init      Create an empty Git repository or reinitialize an existing one\n\nwork on the current change (see also: git help everyday)\n   add       Add file contents to the index\n   mv        Move or rename a file, a directory, or a symlink\n   restore   Restore working tree files\n   rm        Remove files from the working tree and from the index\n\nexamine the history and state (see also: git help revisions)\n   bisect    Use binary search to find the commit that introduced a bug\n   diff      Show changes between commits, commit and working tree, etc\n   grep      Print lines matching a pattern\n   log       Show commit logs\n   show      Show various types of objects\n   status    Show the working tree status\n\ngrow, mark and tweak your common history\n   branch    List, create, or delete branches\n   commit    Record changes to the repository\n   merge     Join two or more development histories together\n   rebase    Reapply commits on top of another base tip\n   reset     Reset current HEAD to the specified state\n   switch    Switch branches\n   tag       Create, list, delete or verify a tag object signed with GPG\n\ncollaborate (see also: git help workflows)\n   fetch     Download objects and refs from another repository\n   pull      Fetch from and integrate with another repository or a local branch\n   push      Update remote refs along with associated objects\n\n'git help -a' and 'git help -g' list available subcommands and some\nconcept guides. See 'git help <command>' or 'git help <concept>'\nto read about a specific subcommand or concept.\nSee 'git help git' for an overview of the system.\n""
[0m14:02:39.857592 [debug] [MainThread]: STDERR: "b''"
[0m14:02:39.857928 [info ] [MainThread]:  - git [[32mOK found[0m]

[0m14:02:39.858282 [info ] [MainThread]: Connection:
[0m14:02:39.858645 [info ] [MainThread]:   account: shlwaoq-yi15346
[0m14:02:39.858979 [info ] [MainThread]:   user: Mathieu1
[0m14:02:39.859324 [info ] [MainThread]:   database: NYC_TAXI_DB
[0m14:02:39.859677 [info ] [MainThread]:   warehouse: COMPUTE_WH
[0m14:02:39.860005 [info ] [MainThread]:   role: SYSADMIN
[0m14:02:39.860325 [info ] [MainThread]:   schema: STAGING
[0m14:02:39.860663 [info ] [MainThread]:   authenticator: None
[0m14:02:39.860982 [info ] [MainThread]:   oauth_client_id: None
[0m14:02:39.861297 [info ] [MainThread]:   query_tag: None
[0m14:02:39.861632 [info ] [MainThread]:   client_session_keep_alive: False
[0m14:02:39.861954 [info ] [MainThread]:   host: None
[0m14:02:39.862275 [info ] [MainThread]:   port: None
[0m14:02:39.862603 [info ] [MainThread]:   proxy_host: None
[0m14:02:39.862930 [info ] [MainThread]:   proxy_port: None
[0m14:02:39.863257 [info ] [MainThread]:   protocol: None
[0m14:02:39.863594 [info ] [MainThread]:   connect_retries: 1
[0m14:02:39.863930 [info ] [MainThread]:   connect_timeout: None
[0m14:02:39.864248 [info ] [MainThread]:   retry_on_database_errors: False
[0m14:02:39.864587 [info ] [MainThread]:   retry_all: False
[0m14:02:39.864909 [info ] [MainThread]:   insecure_mode: False
[0m14:02:39.865222 [info ] [MainThread]:   reuse_connections: True
[0m14:02:39.865534 [info ] [MainThread]:   s3_stage_vpce_dns_name: None
[0m14:02:39.865868 [info ] [MainThread]:   platform_detection_timeout_seconds: 0.0
[0m14:02:39.866426 [info ] [MainThread]: Registered adapter: snowflake=1.11.5
[0m14:02:39.960724 [debug] [MainThread]: Acquiring new snowflake connection 'debug'
[0m14:02:39.987635 [debug] [MainThread]: Using snowflake connection "debug"
[0m14:02:39.988133 [debug] [MainThread]: On debug: select 1 as id
[0m14:02:39.988474 [debug] [MainThread]: Opening a new connection, currently in state init
[0m14:02:41.006736 [debug] [MainThread]: SQL status: SUCCESS 1 in 1.018 seconds
[0m14:02:41.007736 [info ] [MainThread]:   Connection test: [[32mOK connection ok[0m]

[0m14:02:41.008086 [info ] [MainThread]: [31m1 check failed:[0m
[0m14:02:41.008388 [info ] [MainThread]: Project loading failed for the following reason:
 project path </home/mathieu/prj/brief-nyc-tlc-wicket-blasters/dbt_project.yml> not found

[0m14:02:41.009305 [debug] [MainThread]: Resource report: {"command_name": "debug", "command_success": false, "command_wall_clock_time": 1.6018809, "process_in_blocks": "5664", "process_kernel_time": 0.285027, "process_mem_max_rss": "143108", "process_out_blocks": "40", "process_user_time": 1.765365}
[0m14:02:41.009728 [debug] [MainThread]: Command `dbt debug` failed at 14:02:41.009643 after 1.60 seconds
[0m14:02:41.010055 [debug] [MainThread]: Connection 'debug' was left open.
[0m14:02:41.010329 [debug] [MainThread]: On debug: Close
[0m14:02:41.166199 [debug] [MainThread]: Sending event: {'category': 'dbt', 'action': 'invocation', 'label': 'end', 'context': [<snowplow_tracker.self_describing_json.SelfDescribingJson object at 0x76e79baf6210>, <snowplow_tracker.self_describing_json.SelfDescribingJson object at 0x76e79a15a060>, <snowplow_tracker.self_describing_json.SelfDescribingJson object at 0x76e79a7e7aa0>]}
[0m14:02:41.167204 [debug] [MainThread]: Flushing usage events
[0m14:02:41.736250 [debug] [MainThread]: An error was encountered while trying to flush usage events
